// Jest Snapshot v1, https://goo.gl/fbAQLP

exports[`integration works 1`] = `
"A	action.yml
A	dist/index.js
"
`;
